../USB_DEVICE/App/usbd_cdc_if.c:190:15:CDC_DeInit_FS	0	static
../USB_DEVICE/App/usbd_cdc_if.c:204:15:CDC_Control_FS	0	static
../USB_DEVICE/App/usbd_cdc_if.c:285:15:CDC_Receive_FS	24	static
../USB_DEVICE/App/usbd_cdc_if.c:176:15:CDC_Init_FS	8	static
../USB_DEVICE/App/usbd_cdc_if.c:326:9:CDC_Transmit_FS	8	static
../USB_DEVICE/App/usbd_cdc_if.c:347:6:CDC_TxQueue_Init	0	static
../USB_DEVICE/App/usbd_cdc_if.c:367:6:CDC_TxQueue_Add	16	static
../USB_DEVICE/App/usbd_cdc_if.c:390:6:CDC_TxQueue_Process	16	static
../USB_DEVICE/App/usbd_cdc_if.c:432:6:CDC_Transmit_Queued	0	static
../USB_DEVICE/App/usbd_cdc_if.c:441:9:CDC_TxQueue_GetCount	0	static
../USB_DEVICE/App/usbd_cdc_if.c:450:6:CDC_TxQueue_IsFull	0	static
