../Core/Src/main.c:171:5:main	32	static
../Core/Src/main.c:205:6:SystemClock_Config	88	static
../Core/Src/main.c:284:13:MX_GPIO_Init	40	static
../Core/Src/main.c:331:6:delay_us	24	static
../Core/Src/main.c:337:6:X_stepOnce	8	static
../Core/Src/main.c:343:6:Y_stepOnce	8	static
../Core/Src/main.c:349:6:Z_stepOnce	8	static
../Core/Src/main.c:355:6:X_move	24	static
../Core/Src/main.c:379:6:Y_move	24	static
../Core/Src/main.c:403:6:Z_move	24	static
../Core/Src/main.c:427:6:readUSBCommands	4	static
../Core/Src/main.c:432:7:extractParameter	24	static
../Core/Src/main.c:446:10:calculateStepDelay	32	static
../Core/Src/main.c:581:6:moveAxesWithFeedRate	424	static
../Core/Src/main.c:719:6:processGcode	272	static
../Core/Src/main.c:808:6:loop	24	static
../Core/Src/main.c:906:6:setup	8	static
../Core/Src/main.c:929:6:performHomingCallback	8	static
../Core/Src/main.c:934:6:setPositionCallback	176	static
../Core/Src/main.c:964:6:moveAxesCallback	48	static
../Core/Src/main.c:974:6:moveAxesRapidCallback	48	static
../Core/Src/main.c:983:6:moveAxesLinearCallback	48	static
../Core/Src/main.c:998:7:extractParam	16	static
../Core/Src/main.c:1009:6:showConfiguration	296	static
../Core/Src/main.c:1064:6:isEndstopPressed	16	static
../Core/Src/main.c:1078:6:performHoming	104	static
../Core/Src/main.c:1190:6:enableSteppers	8	static
../Core/Src/main.c:1201:6:disableSteppers	8	static
../Core/Src/main.c:1216:6:startProgramStorage	16	static
../Core/Src/main.c:1235:6:stopProgramStorage	112	static
../Core/Src/main.c:1256:6:addLineToProgram	24	static
../Core/Src/main.c:1288:6:clearProgram	16	static
../Core/Src/main.c:1308:6:showProgramInfo	168	static
../Core/Src/main.c:1342:6:runProgram	192	static
../Core/Src/main.c:1400:6:runNextLine	240	static
../Core/Src/main.c:1437:6:pauseProgram	8	static
../Core/Src/main.c:1447:6:stopProgram	8	static
../Core/Src/main.c:1458:6:showHelp	8	static
../Core/Src/main.c:1498:6:Error_Handler	4	static,ignoring_inline_asm
