../Core/Src/main.c:594:6:isEndstopPressed.part.0	8	static
../Core/Src/main.c:47:6:sendUSBText	8	static
../Core/Src/main.c:469:6:setup	16	static
../Core/Src/main.c:499:6:moveAxesRapidCallback	8	static
../Core/Src/main.c:508:6:moveAxesArcCallback	32	static
../Core/Src/main.c:519:6:moveAxesLinearCallback	40	static
../Core/Src/main.c:533:6:showConfiguration	48	static
../Core/Src/main.c:594:6:isEndstopPressed	8	static
../Core/Src/main.c:608:6:performHoming	8	static
../Core/Src/main.c:789:6:startProgramStorage	8	static
../Core/Src/main.c:808:6:stopProgramStorage	8	static
../Core/Src/main.c:829:6:addLineToProgram	256	static
../Core/Src/main.c:895:6:clearProgram	16	static
../Core/Src/main.c:916:6:runProgram	8	static
../Core/Src/main.c:939:6:runNextLine	96	static
../Core/Src/main.c:979:6:pauseProgram	8	static
../Core/Src/main.c:993:6:stopProgram	8	static
../Core/Src/main.c:1008:6:showHelp	8	static
../Core/Src/main.c:1049:6:showQueueStatus	8	static
../Core/Src/main.c:1089:6:showProgramStatus	24	static
../Core/Src/main.c:332:6:processGcode	120	static
../Core/Src/main.c:1132:6:processProgram	96	static
../Core/Src/main.c:407:6:loop	16	static
../Core/Src/main.c:1215:6:endstop_error_handler	24	static
../Core/Src/main.c:1178:6:HAL_GPIO_EXTI_Callback	8	static
../Core/Src/main.c:1250:6:Error_Handler	8	static,ignoring_inline_asm
../Core/Src/main.c:201:6:SystemClock_Config	96	static
../Core/Src/main.c:134:5:main	40	static
