../Core/Src/main.c:121:5:main	32	static
../Core/Src/main.c:149:6:SystemClock_Config	88	static
../Core/Src/main.c:228:13:MX_GPIO_Init	40	static
../Core/Src/main.c:275:6:delay_us	24	static
../Core/Src/main.c:281:6:X_stepOnce	8	static
../Core/Src/main.c:287:6:Y_stepOnce	8	static
../Core/Src/main.c:293:6:Z_stepOnce	8	static
../Core/Src/main.c:299:6:X_move	24	static
../Core/Src/main.c:323:6:Y_move	24	static
../Core/Src/main.c:347:6:Z_move	24	static
../Core/Src/main.c:371:6:readUSBCommands	4	static
../Core/Src/main.c:376:7:extractParameter	24	static
../Core/Src/main.c:384:6:moveAxes	104	static
../Core/Src/main.c:446:6:processGcode	32	static
../Core/Src/main.c:475:6:loop	16	static
../Core/Src/main.c:538:6:setup	8	static
../Core/Src/main.c:557:7:extractParam	16	static
../Core/Src/main.c:568:6:isEndstopPressed	16	static
../Core/Src/main.c:582:6:performHoming	104	static
../Core/Src/main.c:695:6:Error_Handler	4	static,ignoring_inline_asm
