../Core/Src/main.c:117:5:main	32	static
../Core/Src/main.c:145:6:SystemClock_Config	88	static
../Core/Src/main.c:225:13:MX_GPIO_Init	40	static
../Core/Src/main.c:272:6:delay_us	24	static
../Core/Src/main.c:278:6:X_stepOnce	8	static
../Core/Src/main.c:284:6:Y_stepOnce	8	static
../Core/Src/main.c:290:6:Z_stepOnce	8	static
../Core/Src/main.c:296:6:X_move	24	static
../Core/Src/main.c:320:6:Y_move	24	static
../Core/Src/main.c:344:6:Z_move	24	static
../Core/Src/main.c:368:6:readUSBCommands	4	static
../Core/Src/main.c:373:7:extractParameter	24	static
../Core/Src/main.c:381:6:moveAxes	104	static
../Core/Src/main.c:443:6:processGcode	128	static
../Core/Src/main.c:465:6:loop	8	static
../Core/Src/main.c:486:6:setup	8	static
../Core/Src/main.c:502:6:USB_CDC_RxCallback	24	static
../Core/Src/main.c:519:7:extractParam	16	static
../Core/Src/main.c:523:6:HAL_UART_RxCpltCallback	24	static
../Core/Src/main.c:537:6:moveAxis	32	static
../Core/Src/main.c:554:6:Error_Handler	4	static,ignoring_inline_asm
