../Core/Src/main.c:119:5:main	32	static
../Core/Src/main.c:147:6:SystemClock_Config	88	static
../Core/Src/main.c:227:13:MX_GPIO_Init	40	static
../Core/Src/main.c:274:6:delay_us	24	static
../Core/Src/main.c:280:6:X_stepOnce	8	static
../Core/Src/main.c:286:6:Y_stepOnce	8	static
../Core/Src/main.c:292:6:Z_stepOnce	8	static
../Core/Src/main.c:298:6:X_move	24	static
../Core/Src/main.c:322:6:Y_move	24	static
../Core/Src/main.c:346:6:Z_move	24	static
../Core/Src/main.c:370:6:readUSBCommands	4	static
../Core/Src/main.c:375:7:extractParameter	24	static
../Core/Src/main.c:383:6:moveAxes	104	static
../Core/Src/main.c:445:6:processGcode	128	static
../Core/Src/main.c:467:6:loop	136	static
../Core/Src/main.c:530:6:setup	8	static
../Core/Src/main.c:549:7:extractParam	16	static
../Core/Src/main.c:564:6:Error_Handler	4	static,ignoring_inline_asm
