../Core/Src/main.c:64:6:sendUSBText	24	static
../Core/Src/main.c:207:5:main	8	static
../Core/Src/main.c:245:6:SystemClock_Config	88	static
../Core/Src/main.c:324:13:MX_GPIO_Init	40	static
../Core/Src/main.c:371:6:delay_us	24	static
../Core/Src/main.c:377:6:X_stepOnce	8	static
../Core/Src/main.c:383:6:Y_stepOnce	8	static
../Core/Src/main.c:389:6:Z_stepOnce	8	static
../Core/Src/main.c:395:6:X_move	24	static
../Core/Src/main.c:419:6:Y_move	24	static
../Core/Src/main.c:443:6:Z_move	24	static
../Core/Src/main.c:474:10:calculateStepDelay	32	static
../Core/Src/main.c:505:6:moveAxesWithFeedRate	216	static
../Core/Src/main.c:644:6:arc_move_r	136	static
../Core/Src/main.c:703:6:processGcode	184	static
../Core/Src/main.c:792:6:loop	16	static
../Core/Src/main.c:846:6:setup	8	static
../Core/Src/main.c:869:6:performHomingCallback	8	static
../Core/Src/main.c:874:6:setPositionCallback	176	static
../Core/Src/main.c:905:6:moveAxesCallback	48	static
../Core/Src/main.c:915:6:moveAxesRapidCallback	48	static
../Core/Src/main.c:923:6:moveAxesArcCallback	24	static
../Core/Src/main.c:929:6:moveAxesLinearCallback	48	static
../Core/Src/main.c:950:6:showConfiguration	96	static
../Core/Src/main.c:1011:6:isEndstopPressed	16	static
../Core/Src/main.c:1025:6:performHoming	112	static
../Core/Src/main.c:1171:6:enableSteppers	8	static
../Core/Src/main.c:1182:6:disableSteppers	8	static
../Core/Src/main.c:1197:6:startProgramStorage	16	static
../Core/Src/main.c:1216:6:stopProgramStorage	8	static
../Core/Src/main.c:1237:6:addLineToProgram	24	static
../Core/Src/main.c:1269:6:clearProgram	16	static
../Core/Src/main.c:1290:6:runProgram	96	static
../Core/Src/main.c:1356:6:runNextLine	96	static
../Core/Src/main.c:1399:6:pauseProgram	8	static
../Core/Src/main.c:1413:6:stopProgram	8	static
../Core/Src/main.c:1428:6:showHelp	8	static
../Core/Src/main.c:1467:6:showQueueStatus	8	static
../Core/Src/main.c:1506:6:Error_Handler	4	static,ignoring_inline_asm
