../Core/Src/main.c:662:6:isEndstopPressed.part.0	8	static
../Core/Src/main.c:47:6:sendUSBText	8	static
../Core/Src/main.c:923:6:runProgram.part.0	16128	static
../Core/Src/main.c:487:6:setup	16	static
../Core/Src/main.c:525:6:setPositionCallback	48	static
../Core/Src/main.c:556:6:moveAxesCallback	8	static
../Core/Src/main.c:566:6:moveAxesRapidCallback	8	static
../Core/Src/main.c:574:6:moveAxesArcCallback	0	static
../Core/Src/main.c:580:6:moveAxesLinearCallback	24	static
../Core/Src/main.c:601:6:showConfiguration	56	static
../Core/Src/main.c:662:6:isEndstopPressed	8	static
../Core/Src/main.c:676:6:performHoming	8	static
../Core/Src/main.c:520:6:performHomingCallback	0	static
../Core/Src/main.c:830:6:startProgramStorage	8	static
../Core/Src/main.c:849:6:stopProgramStorage	8	static
../Core/Src/main.c:870:6:addLineToProgram	24	static
../Core/Src/main.c:902:6:clearProgram	16	static
../Core/Src/main.c:923:6:runProgram	8	static
../Core/Src/main.c:1000:6:runNextLine	96	static
../Core/Src/main.c:1043:6:pauseProgram	16	static
../Core/Src/main.c:1057:6:stopProgram	16	static
../Core/Src/main.c:1072:6:showHelp	8	static
../Core/Src/main.c:1111:6:showQueueStatus	8	static
../Core/Src/main.c:344:6:processGcode	160	static
../Core/Src/main.c:433:6:loop	16	static
../Core/Src/main.c:1169:6:endstop_error_handler	16	static
../Core/Src/main.c:1147:6:HAL_GPIO_EXTI_Callback	8	static
../Core/Src/main.c:1182:6:Error_Handler	8	static,ignoring_inline_asm
../Core/Src/main.c:213:6:SystemClock_Config	96	static
../Core/Src/main.c:144:5:main	40	static
