../Core/Src/main.c:682:6:isEndstopPressed.part.0	8	static
../Core/Src/main.c:47:6:sendUSBText	8	static
../Core/Src/main.c:182:6:SystemClock_Config	96	static,ignoring_inline_asm
../Core/Src/main.c:517:6:setup	8	static
../Core/Src/main.c:545:6:setPositionCallback	48	static
../Core/Src/main.c:576:6:moveAxesCallback	8	static
../Core/Src/main.c:586:6:moveAxesRapidCallback	8	static
../Core/Src/main.c:594:6:moveAxesArcCallback	0	static
../Core/Src/main.c:600:6:moveAxesLinearCallback	24	static
../Core/Src/main.c:621:6:showConfiguration	56	static
../Core/Src/main.c:682:6:isEndstopPressed	8	static
../Core/Src/main.c:696:6:performHoming	8	static
../Core/Src/main.c:540:6:performHomingCallback	0	static
../Core/Src/main.c:847:6:startProgramStorage	8	static
../Core/Src/main.c:866:6:stopProgramStorage	8	static
../Core/Src/main.c:887:6:addLineToProgram	24	static
../Core/Src/main.c:919:6:clearProgram	16	static
../Core/Src/main.c:940:6:runProgram	120	static
../Core/Src/main.c:1006:6:runNextLine	96	static
../Core/Src/main.c:1049:6:pauseProgram	16	static
../Core/Src/main.c:1063:6:stopProgram	16	static
../Core/Src/main.c:1078:6:showHelp	8	static
../Core/Src/main.c:1117:6:showQueueStatus	8	static
../Core/Src/main.c:374:6:processGcode	160	static
../Core/Src/main.c:463:6:loop	16	static
../Core/Src/main.c:144:5:main	40	static
../Core/Src/main.c:1156:6:Error_Handler	0	static,ignoring_inline_asm
