../Core/Src/main.c:140:5:main	32	static
../Core/Src/main.c:174:6:SystemClock_Config	88	static
../Core/Src/main.c:253:13:MX_GPIO_Init	40	static
../Core/Src/main.c:300:6:delay_us	24	static
../Core/Src/main.c:306:6:X_stepOnce	8	static
../Core/Src/main.c:312:6:Y_stepOnce	8	static
../Core/Src/main.c:318:6:Z_stepOnce	8	static
../Core/Src/main.c:324:6:X_move	24	static
../Core/Src/main.c:348:6:Y_move	24	static
../Core/Src/main.c:372:6:Z_move	24	static
../Core/Src/main.c:396:6:readUSBCommands	4	static
../Core/Src/main.c:401:7:extractParameter	24	static
../Core/Src/main.c:409:6:moveAxes	144	static
../Core/Src/main.c:474:6:processGcode	264	static
../Core/Src/main.c:503:6:loop	24	static
../Core/Src/main.c:601:6:setup	8	static
../Core/Src/main.c:624:6:performHomingCallback	8	static
../Core/Src/main.c:629:6:setPositionCallback	160	static
../Core/Src/main.c:648:6:moveAxesCallback	40	static
../Core/Src/main.c:658:7:extractParam	16	static
../Core/Src/main.c:669:6:showConfiguration	256	static
../Core/Src/main.c:697:6:isEndstopPressed	16	static
../Core/Src/main.c:711:6:performHoming	104	static
../Core/Src/main.c:823:6:enableSteppers	8	static
../Core/Src/main.c:834:6:disableSteppers	8	static
../Core/Src/main.c:847:6:Error_Handler	4	static,ignoring_inline_asm
