../Core/Src/main.c:692:6:isEndstopPressed.part.0	8	static
../Core/Src/main.c:47:6:sendUSBText	8	static
../Core/Src/main.c:515:6:setup	16	static
../Core/Src/main.c:554:6:setPositionCallback	48	static
../Core/Src/main.c:584:6:moveAxesCallback	8	static
../Core/Src/main.c:595:6:moveAxesRapidCallback	8	static
../Core/Src/main.c:604:6:moveAxesArcCallback	0	static
../Core/Src/main.c:610:6:moveAxesLinearCallback	40	static
../Core/Src/main.c:631:6:showConfiguration	56	static
../Core/Src/main.c:692:6:isEndstopPressed	8	static
../Core/Src/main.c:706:6:performHoming	8	static
../Core/Src/main.c:549:6:performHomingCallback	0	static
../Core/Src/main.c:866:6:startProgramStorage	8	static
../Core/Src/main.c:885:6:stopProgramStorage	8	static
../Core/Src/main.c:906:6:addLineToProgram	256	static
../Core/Src/main.c:972:6:clearProgram	16	static
../Core/Src/main.c:993:6:runProgram	8	static
../Core/Src/main.c:1016:6:runNextLine	96	static
../Core/Src/main.c:1059:6:pauseProgram	16	static
../Core/Src/main.c:1073:6:stopProgram	16	static
../Core/Src/main.c:1088:6:showHelp	8	static
../Core/Src/main.c:1134:6:showQueueStatus	8	static
../Core/Src/main.c:1174:6:showProgramStatus	24	static
../Core/Src/main.c:354:6:processGcode	160	static
../Core/Src/main.c:1217:6:processProgram	96	static
../Core/Src/main.c:453:6:loop	16	static
../Core/Src/main.c:1263:6:HAL_GPIO_EXTI_Callback	0	static
../Core/Src/main.c:1285:6:endstop_error_handler	0	static
../Core/Src/main.c:1298:6:Error_Handler	8	static,ignoring_inline_asm
../Core/Src/main.c:223:6:SystemClock_Config	96	static
../Core/Src/main.c:154:5:main	40	static
