../Core/Src/main.c:627:6:isEndstopPressed.part.0	8	static
../Core/Src/main.c:47:6:sendUSBText	8	static
../Core/Src/main.c:184:6:SystemClock_Config	96	static,ignoring_inline_asm
../Core/Src/main.c:452:6:setup	16	static
../Core/Src/main.c:490:6:setPositionCallback	48	static
../Core/Src/main.c:521:6:moveAxesCallback	8	static
../Core/Src/main.c:531:6:moveAxesRapidCallback	8	static
../Core/Src/main.c:539:6:moveAxesArcCallback	0	static
../Core/Src/main.c:545:6:moveAxesLinearCallback	24	static
../Core/Src/main.c:566:6:showConfiguration	56	static
../Core/Src/main.c:627:6:isEndstopPressed	8	static
../Core/Src/main.c:641:6:performHoming	8	static
../Core/Src/main.c:485:6:performHomingCallback	0	static
../Core/Src/main.c:792:6:startProgramStorage	8	static
../Core/Src/main.c:811:6:stopProgramStorage	8	static
../Core/Src/main.c:832:6:addLineToProgram	24	static
../Core/Src/main.c:864:6:clearProgram	16	static
../Core/Src/main.c:885:6:runProgram	120	static
../Core/Src/main.c:954:6:runNextLine	96	static
../Core/Src/main.c:997:6:pauseProgram	16	static
../Core/Src/main.c:1011:6:stopProgram	16	static
../Core/Src/main.c:1026:6:showHelp	8	static
../Core/Src/main.c:1065:6:showQueueStatus	8	static
../Core/Src/main.c:309:6:processGcode	160	static
../Core/Src/main.c:398:6:loop	16	static
../Core/Src/main.c:144:5:main	40	static
../Core/Src/main.c:1104:6:Error_Handler	0	static,ignoring_inline_asm
