../Core/Src/main.c:127:5:main	32	static
../Core/Src/main.c:155:6:SystemClock_Config	88	static
../Core/Src/main.c:234:13:MX_GPIO_Init	40	static
../Core/Src/main.c:281:6:delay_us	24	static
../Core/Src/main.c:287:6:X_stepOnce	8	static
../Core/Src/main.c:293:6:Y_stepOnce	8	static
../Core/Src/main.c:299:6:Z_stepOnce	8	static
../Core/Src/main.c:305:6:X_move	24	static
../Core/Src/main.c:329:6:Y_move	24	static
../Core/Src/main.c:353:6:Z_move	24	static
../Core/Src/main.c:377:6:readUSBCommands	4	static
../Core/Src/main.c:382:7:extractParameter	24	static
../Core/Src/main.c:390:6:moveAxes	144	static
../Core/Src/main.c:455:6:processGcode	176	static
../Core/Src/main.c:499:6:loop	16	static
../Core/Src/main.c:562:6:setup	8	static
../Core/Src/main.c:581:7:extractParam	16	static
../Core/Src/main.c:592:6:showConfiguration	256	static
../Core/Src/main.c:620:6:isEndstopPressed	16	static
../Core/Src/main.c:634:6:performHoming	104	static
../Core/Src/main.c:747:6:Error_Handler	4	static,ignoring_inline_asm
