../Core/Src/main.c:793:6:isEndstopPressed.part.0	8	static
../Core/Src/main.c:48:6:sendUSBText	8	static
../Core/Src/main.c:539:6:setup	16	static
../Core/Src/main.c:580:6:setPositionCallback	80	static
../Core/Src/main.c:624:6:moveAxesCallback	48	static
../Core/Src/main.c:649:6:moveAxesRapidCallback	48	static
../Core/Src/main.c:673:6:moveAxesArcCallback	56	static
../Core/Src/main.c:695:6:moveAxesLinearCallback	56	static
../Core/Src/main.c:732:6:showConfiguration	56	static
../Core/Src/main.c:793:6:isEndstopPressed	8	static
../Core/Src/main.c:807:6:performHoming	32	static
../Core/Src/main.c:575:6:performHomingCallback	0	static
../Core/Src/main.c:973:6:startProgramStorage	8	static
../Core/Src/main.c:992:6:stopProgramStorage	8	static
../Core/Src/main.c:1013:6:addLineToProgram	24	static
../Core/Src/main.c:1045:6:clearProgram	16	static
../Core/Src/main.c:1066:6:runProgram	8	static
../Core/Src/main.c:1088:6:runNextLine	96	static
../Core/Src/main.c:1131:6:pauseProgram	16	static
../Core/Src/main.c:1145:6:stopProgram	16	static
../Core/Src/main.c:1160:6:showHelp	8	static
../Core/Src/main.c:1205:6:showQueueStatus	8	static
../Core/Src/main.c:1242:6:showPlannerStatus	72	static
../Core/Src/main.c:1312:6:showProgramStatus	24	static
../Core/Src/main.c:355:6:processGcode	160	static
../Core/Src/main.c:1353:6:processPlannerBuffer	8	static
../Core/Src/main.c:1366:6:processProgram	104	static
../Core/Src/main.c:473:6:loop	16	static
../Core/Src/main.c:1431:6:HAL_GPIO_EXTI_Callback	0	static
../Core/Src/main.c:1453:6:endstop_error_handler	0	static
../Core/Src/main.c:1466:6:Error_Handler	8	static,ignoring_inline_asm
../Core/Src/main.c:224:6:SystemClock_Config	96	static
../Core/Src/main.c:155:5:main	40	static
