../Core/Src/main.c:703:6:isEndstopPressed.part.0	8	static
../Core/Src/main.c:47:6:sendUSBText	8	static
../Core/Src/main.c:526:6:setup	16	static
../Core/Src/main.c:565:6:setPositionCallback	48	static
../Core/Src/main.c:595:6:moveAxesCallback	8	static
../Core/Src/main.c:606:6:moveAxesRapidCallback	8	static
../Core/Src/main.c:615:6:moveAxesArcCallback	0	static
../Core/Src/main.c:621:6:moveAxesLinearCallback	40	static
../Core/Src/main.c:642:6:showConfiguration	56	static
../Core/Src/main.c:703:6:isEndstopPressed	8	static
../Core/Src/main.c:717:6:performHoming	8	static
../Core/Src/main.c:560:6:performHomingCallback	0	static
../Core/Src/main.c:902:6:startProgramStorage	8	static
../Core/Src/main.c:921:6:stopProgramStorage	8	static
../Core/Src/main.c:942:6:addLineToProgram	256	static
../Core/Src/main.c:1008:6:clearProgram	16	static
../Core/Src/main.c:1029:6:runProgram	8	static
../Core/Src/main.c:1052:6:runNextLine	96	static
../Core/Src/main.c:1095:6:pauseProgram	16	static
../Core/Src/main.c:1109:6:stopProgram	16	static
../Core/Src/main.c:1124:6:showHelp	8	static
../Core/Src/main.c:1170:6:showQueueStatus	8	static
../Core/Src/main.c:1210:6:showProgramStatus	24	static
../Core/Src/main.c:354:6:processGcode	160	static
../Core/Src/main.c:1253:6:processProgram	96	static
../Core/Src/main.c:464:6:loop	16	static
../Core/Src/main.c:1321:6:endstop_error_handler	16	static
../Core/Src/main.c:1299:6:HAL_GPIO_EXTI_Callback	8	static
../Core/Src/main.c:1334:6:Error_Handler	8	static,ignoring_inline_asm
../Core/Src/main.c:223:6:SystemClock_Config	96	static
../Core/Src/main.c:154:5:main	40	static
