../Core/Src/main.c:683:6:isEndstopPressed.part.0	8	static
../Core/Src/main.c:47:6:sendUSBText	8	static
../Core/Src/main.c:506:6:setup	16	static
../Core/Src/main.c:586:6:moveAxesRapidCallback	8	static
../Core/Src/main.c:595:6:moveAxesArcCallback	0	static
../Core/Src/main.c:601:6:moveAxesLinearCallback	40	static
../Core/Src/main.c:622:6:showConfiguration	56	static
../Core/Src/main.c:683:6:isEndstopPressed	8	static
../Core/Src/main.c:697:6:performHoming	8	static
../Core/Src/main.c:882:6:startProgramStorage	8	static
../Core/Src/main.c:901:6:stopProgramStorage	8	static
../Core/Src/main.c:922:6:addLineToProgram	256	static
../Core/Src/main.c:988:6:clearProgram	16	static
../Core/Src/main.c:1009:6:runProgram	8	static
../Core/Src/main.c:1032:6:runNextLine	96	static
../Core/Src/main.c:1075:6:pauseProgram	16	static
../Core/Src/main.c:1089:6:stopProgram	16	static
../Core/Src/main.c:1104:6:showHelp	8	static
../Core/Src/main.c:1145:6:showQueueStatus	8	static
../Core/Src/main.c:1185:6:showProgramStatus	24	static
../Core/Src/main.c:334:6:processGcode	160	static
../Core/Src/main.c:1228:6:processProgram	96	static
../Core/Src/main.c:444:6:loop	16	static
../Core/Src/main.c:1296:6:endstop_error_handler	16	static
../Core/Src/main.c:1274:6:HAL_GPIO_EXTI_Callback	8	static
../Core/Src/main.c:1309:6:Error_Handler	8	static,ignoring_inline_asm
../Core/Src/main.c:203:6:SystemClock_Config	96	static
../Core/Src/main.c:134:5:main	40	static
