../Core/Src/main.c:127:5:main	32	static
../Core/Src/main.c:161:6:SystemClock_Config	88	static
../Core/Src/main.c:240:13:MX_GPIO_Init	40	static
../Core/Src/main.c:287:6:delay_us	24	static
../Core/Src/main.c:293:6:X_stepOnce	8	static
../Core/Src/main.c:299:6:Y_stepOnce	8	static
../Core/Src/main.c:305:6:Z_stepOnce	8	static
../Core/Src/main.c:311:6:X_move	24	static
../Core/Src/main.c:335:6:Y_move	24	static
../Core/Src/main.c:359:6:Z_move	24	static
../Core/Src/main.c:383:6:readUSBCommands	4	static
../Core/Src/main.c:388:7:extractParameter	24	static
../Core/Src/main.c:396:6:moveAxes	144	static
../Core/Src/main.c:461:6:processGcode	176	static
../Core/Src/main.c:505:6:loop	24	static
../Core/Src/main.c:603:6:setup	8	static
../Core/Src/main.c:622:7:extractParam	16	static
../Core/Src/main.c:633:6:showConfiguration	256	static
../Core/Src/main.c:661:6:isEndstopPressed	16	static
../Core/Src/main.c:675:6:performHoming	104	static
../Core/Src/main.c:788:6:Error_Handler	4	static,ignoring_inline_asm
