../Core/Src/main.c:628:6:isEndstopPressed.part.0	8	static
../Core/Src/main.c:47:6:sendUSBText	8	static
../Core/Src/main.c:503:6:setup	16	static
../Core/Src/main.c:533:6:moveAxesRapidCallback	8	static
../Core/Src/main.c:542:6:moveAxesArcCallback	32	static
../Core/Src/main.c:553:6:moveAxesLinearCallback	40	static
../Core/Src/main.c:567:6:showConfiguration	56	static
../Core/Src/main.c:628:6:isEndstopPressed	8	static
../Core/Src/main.c:642:6:performHoming	8	static
../Core/Src/main.c:823:6:startProgramStorage	8	static
../Core/Src/main.c:842:6:stopProgramStorage	8	static
../Core/Src/main.c:863:6:addLineToProgram	256	static
../Core/Src/main.c:929:6:clearProgram	16	static
../Core/Src/main.c:950:6:runProgram	8	static
../Core/Src/main.c:973:6:runNextLine	96	static
../Core/Src/main.c:1013:6:pauseProgram	16	static
../Core/Src/main.c:1027:6:stopProgram	16	static
../Core/Src/main.c:1042:6:showHelp	8	static
../Core/Src/main.c:1083:6:showQueueStatus	8	static
../Core/Src/main.c:1123:6:showProgramStatus	24	static
../Core/Src/main.c:331:6:processGcode	160	static
../Core/Src/main.c:1166:6:processProgram	96	static
../Core/Src/main.c:441:6:loop	16	static
../Core/Src/main.c:1234:6:endstop_error_handler	16	static
../Core/Src/main.c:1212:6:HAL_GPIO_EXTI_Callback	8	static
../Core/Src/main.c:1247:6:Error_Handler	8	static,ignoring_inline_asm
../Core/Src/main.c:200:6:SystemClock_Config	96	static
../Core/Src/main.c:134:5:main	40	static
