../Core/Src/main.c:685:6:isEndstopPressed.part.0	8	static
../Core/Src/main.c:47:6:sendUSBText	8	static
../Core/Src/main.c:508:6:setup	16	static
../Core/Src/main.c:547:6:setPositionCallback	48	static
../Core/Src/main.c:577:6:moveAxesCallback	8	static
../Core/Src/main.c:588:6:moveAxesRapidCallback	8	static
../Core/Src/main.c:597:6:moveAxesArcCallback	0	static
../Core/Src/main.c:603:6:moveAxesLinearCallback	40	static
../Core/Src/main.c:624:6:showConfiguration	56	static
../Core/Src/main.c:685:6:isEndstopPressed	8	static
../Core/Src/main.c:699:6:performHoming	8	static
../Core/Src/main.c:542:6:performHomingCallback	0	static
../Core/Src/main.c:859:6:startProgramStorage	8	static
../Core/Src/main.c:878:6:stopProgramStorage	8	static
../Core/Src/main.c:899:6:addLineToProgram	24	static
../Core/Src/main.c:931:6:clearProgram	16	static
../Core/Src/main.c:952:6:runProgram	8	static
../Core/Src/main.c:975:6:runNextLine	96	static
../Core/Src/main.c:1018:6:pauseProgram	16	static
../Core/Src/main.c:1032:6:stopProgram	16	static
../Core/Src/main.c:1047:6:showHelp	8	static
../Core/Src/main.c:1092:6:showQueueStatus	8	static
../Core/Src/main.c:1132:6:showProgramStatus	24	static
../Core/Src/main.c:354:6:processGcode	160	static
../Core/Src/main.c:1175:6:processProgram	96	static
../Core/Src/main.c:446:6:loop	16	static
../Core/Src/main.c:1221:6:HAL_GPIO_EXTI_Callback	0	static
../Core/Src/main.c:1243:6:endstop_error_handler	0	static
../Core/Src/main.c:1256:6:Error_Handler	8	static,ignoring_inline_asm
../Core/Src/main.c:223:6:SystemClock_Config	96	static
../Core/Src/main.c:154:5:main	40	static
