../Core/Src/motion.c:43:6:delay_us	0	static
../Core/Src/motion.c:55:10:calculateStepDelay	8	static
../Core/Src/motion.c:85:6:X_stepOnce	8	static
../Core/Src/motion.c:95:6:Y_stepOnce	8	static
../Core/Src/motion.c:105:6:Z_stepOnce	8	static
../Core/Src/motion.c:117:6:X_move	16	static
../Core/Src/motion.c:134:6:Y_move	16	static
../Core/Src/motion.c:150:6:Z_move	16	static
../Core/Src/motion.c:168:6:enableSteppers	8	static
../Core/Src/motion.c:179:6:disableSteppers	8	static
../Core/Src/motion.c:197:6:moveAxesWithFeedRate	64	static
../Core/Src/motion.c:333:6:arc_move_r	80	static
../Core/Src/motion.c:399:6:getCurrentPositionMM	16	static
../Core/Src/motion.c:410:6:setCurrentPosition	0	static
../Core/Src/motion.c:421:6:setCurrentPositionMM	16	static
