../Core/Src/planner.c:284:6:planner_process_next_block	40	static
../Core/Src/planner.c:463:7:planner_junction_velocity	72	static
../Core/Src/planner.c:506:7:planner_max_allowable_speed	16	static
../Core/Src/planner.c:362:6:planner_recalculate	40	static
../Core/Src/planner.c:145:6:planner_buffer_arc	64	static
../Core/Src/planner.c:520:7:planner_calculate_distance	24	static
../Core/Src/planner.c:75:6:planner_buffer_line	40	static
../Core/Src/planner.c:544:6:planner_buffer_has_space	0	static
../Core/Src/planner.c:548:9:planner_get_buffer_count	0	static
../Core/Src/planner.c:552:6:planner_synchronize	8	static
../Core/Src/planner.c:559:6:planner_get_current_position	0	static
../Core/Src/planner.c:563:6:planner_set_current_position	0	static
../Core/Src/planner.c:37:6:planner_init	24	static
../Core/Src/planner.c:65:6:planner_reset	0	static
../Core/Src/planner.c:567:6:planner_get_statistics	8	static
