19:15:02 **** Incremental Build of configuration Debug for project CNC ****
make -j8 all 
arm-none-eabi-gcc "../USB_DEVICE/App/usbd_cdc_if.c" -mcpu=cortex-m3 -std=gnu11 -g3 -DDEBUG -DUSE_HAL_DRIVER -DSTM32F103xB -c -I../Core/Inc -I../Drivers/STM32F1xx_HAL_Driver/Inc/Legacy -I../Drivers/STM32F1xx_HAL_Driver/Inc -I../Drivers/CMSIS/Device/ST/STM32F1xx/Include -I../Drivers/CMSIS/Include -I../USB_DEVICE/App -I../USB_DEVICE/Target -I../Middlewares/ST/STM32_USB_Device_Library/Core/Inc -I../Middlewares/ST/STM32_USB_Device_Library/Class/CDC/Inc -O0 -ffunction-sections -fdata-sections -Wall -fstack-usage -fcyclomatic-complexity -MMD -MP -MF"USB_DEVICE/App/usbd_cdc_if.d" -MT"USB_DEVICE/App/usbd_cdc_if.o" --specs=nano.specs -mfloat-abi=soft -mthumb -o "USB_DEVICE/App/usbd_cdc_if.o"
arm-none-eabi-gcc -o "CNC.elf" @"objects.list"   -mcpu=cortex-m3 -T"C:\Users\bruno\STM32CubeIDE\workspace_1.19.0\CNC\STM32F103C8TX_FLASH.ld" --specs=nosys.specs -Wl,-Map="CNC.map" -Wl,--gc-sections -static --specs=nano.specs -mfloat-abi=soft -mthumb -Wl,--start-group -lc -lm -Wl,--end-group
Finished building target: CNC.elf
 
arm-none-eabi-size  CNC.elf 
arm-none-eabi-objdump -h -S CNC.elf  > "CNC.list"
arm-none-eabi-objcopy  -O ihex CNC.elf  "CNC.hex"
   text	   data	    bss	    dec	    hex	filename
  48616	    836	   6572	  56024	   dad8	CNC.elf
Finished building: default.size.stdout
 
Finished building: CNC.hex
 
Finished building: CNC.list
 

19:15:06 Build Finished. 0 errors, 0 warnings. (took 4s.148ms)

